// Jest Snapshot v1, https://goo.gl/fbAQLP

exports[`renders the home component correctly 1`] = `
<div>
  <div
    class="container"
  >
    <div>
      <img
        alt="Gallery Wall"
        src="https://okl.scene7.com/is/image/OKL/Product_444725448172_Image_1?$kibo_pdp_large_main_image$&defaultImage=placeholder_product"
      />
    </div>
    <div>
      <div
        class="title"
      >
        <h1>
          If you are interested to purchase, please submit the following form
        </h1>
      </div>
      <div>
        <form>
          <div
            class="label"
          >
            <label
              for="first"
            >
              FirstName: 
            </label>
            <input
              id="first"
              name="firstname"
              required=""
              type="text"
            />
          </div>
          <div
            class="label"
          >
            <p>
              <label
                for="last"
              >
                LastName: 
              </label>
              <input
                id="last"
                name="lastname"
                required=""
                type="text"
              />
            </p>
          </div>
          <div
            class="label"
          >
            <p>
              <label
                for="phone"
              >
                Phone: 
              </label>
              <input
                id="phone"
                name="phonenumber"
                pattern="[0-9]{3}-[0-9]{3}-[0-9]{4}"
                required=""
                type="text"
              />
              <small>
                format: 123-456-7890
              </small>
            </p>
          </div>
          <div
            class="label"
          >
            <p>
              <label
                for="email"
              >
                Email: 
              </label>
              <input
                id="email"
                name="email"
                pattern="[a-z0-9._%+-]+@[a-z0-9.-]+\\\\.[a-z]{2,}$"
                required=""
                type="text"
              />
            </p>
          </div>
          <div
            class="label"
          >
            <p>
              <label
                for="paintinginfo"
              >
                Please enter name of painting you are interested: 
              </label>
              <input
                id="paintinginfo"
                name="painting"
                required=""
                type="text"
              />
            </p>
          </div>
          <div
            class="label"
          >
            <label
              for="myDropdownId"
            >
              Category Interested:  
            </label>
            <select
              id="myDropdownId"
              name="myDropdown"
            >
              <option
                value="null"
              />
              <option
                value="Abstract"
              >
                Abstract
              </option>
              <option
                value="Impressionism"
              >
                Impressionism
              </option>
              <option
                value="Classicism"
              >
                Classicism
              </option>
              <option
                value="Symbolism"
              >
                Symbolism
              </option>
              <option
                value="Conceptual Art"
              >
                Conceptual Art
              </option>
              <option
                value="Pop Art"
              >
                Pop Art
              </option>
            </select>
          </div>
          <div
            class="label"
          >
            <p>
              <label
                for="myDropdownId"
              >
                Prefer contacted by: 
              </label>
              <select
                id="myDropdownId"
                name="myDropdown"
              >
                <option
                  value="null"
                />
                <option
                  value="Phone"
                >
                  Phone
                </option>
                <option
                  value="Email"
                >
                  Email
                </option>
              </select>
            </p>
          </div>
          <div
            class="label"
          >
            <header>
              Your age group: 
            </header>
            <input
              id="age1"
              name="age"
              type="radio"
              value="0-21"
            />
            <label
              for="age1"
            >
              0-21
            </label>
            <input
              id="age2"
              name="age"
              type="radio"
              value="22-41"
            />
            <label
              for="age2"
            >
              22-41
            </label>
            <input
              id="age3"
              name="age"
              type="radio"
              value="42-61"
            />
            <label
              for="age3"
            >
              42-61
            </label>
            <input
              id="age4"
              name="age"
              type="radio"
              value="61+"
            />
            <label
              for="age4"
            >
              61+
            </label>
          </div>
          <p>
            <input
              class="button"
              type="submit"
              value="Send it"
            />
          </p>
        </form>
      </div>
    </div>
  </div>
</div>
`;
