// Jest Snapshot v1, https://goo.gl/fbAQLP

exports[`renders the about component correctly 1`] = `
<div>
  <div
    class="aboutpage"
  >
    <div
      class="about_text"
    >
      <h1>
        About us
      </h1>
      <p>
        Mygallery is founded since 2014. Selling paintings by modern artists is the main concept of Mygallery.
      </p>
      <p>
        We give painting lovers an opportunity to touch both the masterpieces by recognized brilliant artists and the works by beginning artists.
      </p>
      <p>
        Everyone can buy a painting directly by calling directly or left information, and often cheaper than in usual galleries. 
      </p>
    </div>
  </div>
</div>
`;
